


ARM Macro Assembler    Page 1 


    1 00000000         ; * ----------------------------------------------------
                       ---------------------
    2 00000000         ; *  @file:    startup_MIMXRT1061.s
    3 00000000         ; *  @purpose: CMSIS Cortex-M7 Core Device Startup File
    4 00000000         ; *            MIMXRT1061
    5 00000000         ; *  @version: 1.1
    6 00000000         ; *  @date:    2018-11-27
    7 00000000         ; *  @build:   b190124
    8 00000000         ; * ----------------------------------------------------
                       ---------------------
    9 00000000         ; *
   10 00000000         ; * Copyright 1997-2016 Freescale Semiconductor, Inc.
   11 00000000         ; * Copyright 2016-2019 NXP
   12 00000000         ; * All rights reserved.
   13 00000000         ; *
   14 00000000         ; * SPDX-License-Identifier: BSD-3-Clause
   15 00000000         ; *
   16 00000000         ; *------- <<< Use Configuration Wizard in Context Menu 
                       >>> ------------------
   17 00000000         ; *
   18 00000000         ; ******************************************************
                       ***********************/
   19 00000000         
   20 00000000         
   21 00000000                 PRESERVE8
   22 00000000                 THUMB
   23 00000000         
   24 00000000         
   25 00000000         ; Vector Table Mapped to Address 0 at Reset
   26 00000000         
   27 00000000                 AREA             RESET, DATA, READONLY
   28 00000000                 EXPORT           __Vectors
   29 00000000                 EXPORT           __Vectors_End
   30 00000000                 EXPORT           __Vectors_Size
   31 00000000                 IMPORT           |Image$$ARM_LIB_STACK$$ZI$$Limi
t|
   32 00000000         
   33 00000000 5A5A5A5A 
                       Sign_Value
                               EQU              0x5A5A5A5A
   34 00000000 00001061 
                       CPU_TYPE_ID
                               EQU              0x00001061
   35 00000000         
   36 00000000 00000000 
                       __Vectors
                               DCD              |Image$$ARM_LIB_STACK$$ZI$$Limi
t| 
                                                            ; Top of Stack
   37 00000004 00000000        DCD              Reset_Handler ; Reset Handler
   38 00000008 00000000        DCD              NMI_Handler ;NMI Handler
   39 0000000C 00000000        DCD              HardFault_Handler 
                                                            ;Hard Fault Handler
                                                            
   40 00000010 00000000        DCD              MemManage_Handler 
                                                            ;MPU Fault Handler
   41 00000014 00000000        DCD              BusFault_Handler 
                                                            ;Bus Fault Handler
   42 00000018 00000000        DCD              UsageFault_Handler ;Usage Fault



ARM Macro Assembler    Page 2 


                                                             Handler
   43 0000001C 5A5A5A5A        DCD              Sign_Value  ;Reserved
   44 00000020 00000000        DCD              0           ;Reserved
   45 00000024 00000000        DCD              0           ;Reserved
   46 00000028 00001061        DCD              CPU_TYPE_ID ;Reserved
   47 0000002C 00000000        DCD              SVC_Handler ;SVCall Handler
   48 00000030 00000000        DCD              DebugMon_Handler ;Debug Monitor
                                                             Handler
   49 00000034 00000000        DCD              0           ;Reserved
   50 00000038 00000000        DCD              PendSV_Handler ;PendSV Handler
   51 0000003C 00000000        DCD              SysTick_Handler 
                                                            ;SysTick Handler
   52 00000040         
   53 00000040         ;External Interrupts
   54 00000040 00000000        DCD              DMA0_DMA16_IRQHandler ;DMA chan
                                                            nel 0/16 transfer c
                                                            omplete
   55 00000044 00000000        DCD              DMA1_DMA17_IRQHandler ;DMA chan
                                                            nel 1/17 transfer c
                                                            omplete
   56 00000048 00000000        DCD              DMA2_DMA18_IRQHandler ;DMA chan
                                                            nel 2/18 transfer c
                                                            omplete
   57 0000004C 00000000        DCD              DMA3_DMA19_IRQHandler ;DMA chan
                                                            nel 3/19 transfer c
                                                            omplete
   58 00000050 00000000        DCD              DMA4_DMA20_IRQHandler ;DMA chan
                                                            nel 4/20 transfer c
                                                            omplete
   59 00000054 00000000        DCD              DMA5_DMA21_IRQHandler ;DMA chan
                                                            nel 5/21 transfer c
                                                            omplete
   60 00000058 00000000        DCD              DMA6_DMA22_IRQHandler ;DMA chan
                                                            nel 6/22 transfer c
                                                            omplete
   61 0000005C 00000000        DCD              DMA7_DMA23_IRQHandler ;DMA chan
                                                            nel 7/23 transfer c
                                                            omplete
   62 00000060 00000000        DCD              DMA8_DMA24_IRQHandler ;DMA chan
                                                            nel 8/24 transfer c
                                                            omplete
   63 00000064 00000000        DCD              DMA9_DMA25_IRQHandler ;DMA chan
                                                            nel 9/25 transfer c
                                                            omplete
   64 00000068 00000000        DCD              DMA10_DMA26_IRQHandler ;DMA cha
                                                            nnel 10/26 transfer
                                                             complete
   65 0000006C 00000000        DCD              DMA11_DMA27_IRQHandler ;DMA cha
                                                            nnel 11/27 transfer
                                                             complete
   66 00000070 00000000        DCD              DMA12_DMA28_IRQHandler ;DMA cha
                                                            nnel 12/28 transfer
                                                             complete
   67 00000074 00000000        DCD              DMA13_DMA29_IRQHandler ;DMA cha
                                                            nnel 13/29 transfer
                                                             complete
   68 00000078 00000000        DCD              DMA14_DMA30_IRQHandler ;DMA cha
                                                            nnel 14/30 transfer
                                                             complete



ARM Macro Assembler    Page 3 


   69 0000007C 00000000        DCD              DMA15_DMA31_IRQHandler ;DMA cha
                                                            nnel 15/31 transfer
                                                             complete
   70 00000080 00000000        DCD              DMA_ERROR_IRQHandler ;DMA error
                                                             interrupt channels
                                                             0-15 / 16-31
   71 00000084 00000000        DCD              CTI0_ERROR_IRQHandler 
                                                            ;CTI0_Error
   72 00000088 00000000        DCD              CTI1_ERROR_IRQHandler 
                                                            ;CTI1_Error
   73 0000008C 00000000        DCD              CORE_IRQHandler ;CorePlatform e
                                                            xception IRQ
   74 00000090 00000000        DCD              LPUART1_IRQHandler ;LPUART1 TX 
                                                            interrupt and RX in
                                                            terrupt
   75 00000094 00000000        DCD              LPUART2_IRQHandler ;LPUART2 TX 
                                                            interrupt and RX in
                                                            terrupt
   76 00000098 00000000        DCD              LPUART3_IRQHandler ;LPUART3 TX 
                                                            interrupt and RX in
                                                            terrupt
   77 0000009C 00000000        DCD              LPUART4_IRQHandler ;LPUART4 TX 
                                                            interrupt and RX in
                                                            terrupt
   78 000000A0 00000000        DCD              LPUART5_IRQHandler ;LPUART5 TX 
                                                            interrupt and RX in
                                                            terrupt
   79 000000A4 00000000        DCD              LPUART6_IRQHandler ;LPUART6 TX 
                                                            interrupt and RX in
                                                            terrupt
   80 000000A8 00000000        DCD              LPUART7_IRQHandler ;LPUART7 TX 
                                                            interrupt and RX in
                                                            terrupt
   81 000000AC 00000000        DCD              LPUART8_IRQHandler ;LPUART8 TX 
                                                            interrupt and RX in
                                                            terrupt
   82 000000B0 00000000        DCD              LPI2C1_IRQHandler 
                                                            ;LPI2C1 interrupt
   83 000000B4 00000000        DCD              LPI2C2_IRQHandler 
                                                            ;LPI2C2 interrupt
   84 000000B8 00000000        DCD              LPI2C3_IRQHandler 
                                                            ;LPI2C3 interrupt
   85 000000BC 00000000        DCD              LPI2C4_IRQHandler 
                                                            ;LPI2C4 interrupt
   86 000000C0 00000000        DCD              LPSPI1_IRQHandler ;LPSPI1 singl
                                                            e interrupt vector 
                                                            for all sources
   87 000000C4 00000000        DCD              LPSPI2_IRQHandler ;LPSPI2 singl
                                                            e interrupt vector 
                                                            for all sources
   88 000000C8 00000000        DCD              LPSPI3_IRQHandler ;LPSPI3 singl
                                                            e interrupt vector 
                                                            for all sources
   89 000000CC 00000000        DCD              LPSPI4_IRQHandler ;LPSPI4  sing
                                                            le interrupt vector
                                                             for all sources
   90 000000D0 00000000        DCD              CAN1_IRQHandler ;CAN1 interrupt
                                                            
   91 000000D4 00000000        DCD              CAN2_IRQHandler ;CAN2 interrupt



ARM Macro Assembler    Page 4 


                                                            
   92 000000D8 00000000        DCD              FLEXRAM_IRQHandler ;FlexRAM add
                                                            ress out of range O
                                                            r access hit IRQ
   93 000000DC 00000000        DCD              KPP_IRQHandler ;Keypad nterrupt
                                                            
   94 000000E0 00000000        DCD              TSC_DIG_IRQHandler 
                                                            ;TSC interrupt
   95 000000E4 00000000        DCD              GPR_IRQ_IRQHandler 
                                                            ;GPR interrupt
   96 000000E8 00000000        DCD              Reserved58_IRQHandler 
                                                            ;Reserved interrupt
                                                            
   97 000000EC 00000000        DCD              Reserved59_IRQHandler 
                                                            ;Reserved interrupt
                                                            
   98 000000F0 00000000        DCD              Reserved60_IRQHandler 
                                                            ;Reserved interrupt
                                                            
   99 000000F4 00000000        DCD              WDOG2_IRQHandler 
                                                            ;WDOG2 interrupt
  100 000000F8 00000000        DCD              SNVS_HP_WRAPPER_IRQHandler ;SRT
                                                            C Consolidated Inte
                                                            rrupt. Non TZ
  101 000000FC 00000000        DCD              SNVS_HP_WRAPPER_TZ_IRQHandler ;
                                                            SRTC Security Inter
                                                            rupt. TZ
  102 00000100 00000000        DCD              SNVS_LP_WRAPPER_IRQHandler ;ON-
                                                            OFF button press sh
                                                            orter than 5 secs (
                                                            pulse event)
  103 00000104 00000000        DCD              CSU_IRQHandler ;CSU interrupt
  104 00000108 00000000        DCD              DCP_IRQHandler 
                                                            ;DCP_IRQ interrupt
  105 0000010C 00000000        DCD              DCP_VMI_IRQHandler ;DCP_VMI_IRQ
                                                             interrupt
  106 00000110 00000000        DCD              Reserved68_IRQHandler 
                                                            ;Reserved interrupt
                                                            
  107 00000114 00000000        DCD              TRNG_IRQHandler ;TRNG interrupt
                                                            
  108 00000118 00000000        DCD              SJC_IRQHandler ;SJC interrupt
  109 0000011C 00000000        DCD              BEE_IRQHandler ;BEE interrupt
  110 00000120 00000000        DCD              SAI1_IRQHandler ;SAI1 interrupt
                                                            
  111 00000124 00000000        DCD              SAI2_IRQHandler ;SAI1 interrupt
                                                            
  112 00000128 00000000        DCD              SAI3_RX_IRQHandler 
                                                            ;SAI3 interrupt
  113 0000012C 00000000        DCD              SAI3_TX_IRQHandler 
                                                            ;SAI3 interrupt
  114 00000130 00000000        DCD              SPDIF_IRQHandler 
                                                            ;SPDIF interrupt
  115 00000134 00000000        DCD              PMU_EVENT_IRQHandler ;Brown-out
                                                             event interrupt
  116 00000138 00000000        DCD              Reserved78_IRQHandler 
                                                            ;Reserved interrupt
                                                            
  117 0000013C 00000000        DCD              TEMP_LOW_HIGH_IRQHandler ;TempS



ARM Macro Assembler    Page 5 


                                                            ensor low/high inte
                                                            rrupt
  118 00000140 00000000        DCD              TEMP_PANIC_IRQHandler ;TempSens
                                                            or panic interrupt
  119 00000144 00000000        DCD              USB_PHY1_IRQHandler ;USBPHY (UT
                                                            MI0), Interrupt
  120 00000148 00000000        DCD              USB_PHY2_IRQHandler ;USBPHY (UT
                                                            MI1), Interrupt
  121 0000014C 00000000        DCD              ADC1_IRQHandler ;ADC1 interrupt
                                                            
  122 00000150 00000000        DCD              ADC2_IRQHandler ;ADC2 interrupt
                                                            
  123 00000154 00000000        DCD              DCDC_IRQHandler ;DCDC interrupt
                                                            
  124 00000158 00000000        DCD              Reserved86_IRQHandler 
                                                            ;Reserved interrupt
                                                            
  125 0000015C 00000000        DCD              Reserved87_IRQHandler 
                                                            ;Reserved interrupt
                                                            
  126 00000160 00000000        DCD              GPIO1_INT0_IRQHandler ;Active H
                                                            IGH Interrupt from 
                                                            INT0 from GPIO
  127 00000164 00000000        DCD              GPIO1_INT1_IRQHandler ;Active H
                                                            IGH Interrupt from 
                                                            INT1 from GPIO
  128 00000168 00000000        DCD              GPIO1_INT2_IRQHandler ;Active H
                                                            IGH Interrupt from 
                                                            INT2 from GPIO
  129 0000016C 00000000        DCD              GPIO1_INT3_IRQHandler ;Active H
                                                            IGH Interrupt from 
                                                            INT3 from GPIO
  130 00000170 00000000        DCD              GPIO1_INT4_IRQHandler ;Active H
                                                            IGH Interrupt from 
                                                            INT4 from GPIO
  131 00000174 00000000        DCD              GPIO1_INT5_IRQHandler ;Active H
                                                            IGH Interrupt from 
                                                            INT5 from GPIO
  132 00000178 00000000        DCD              GPIO1_INT6_IRQHandler ;Active H
                                                            IGH Interrupt from 
                                                            INT6 from GPIO
  133 0000017C 00000000        DCD              GPIO1_INT7_IRQHandler ;Active H
                                                            IGH Interrupt from 
                                                            INT7 from GPIO
  134 00000180 00000000        DCD              GPIO1_Combined_0_15_IRQHandler 
                                                            ;Combined interrupt
                                                             indication for GPI
                                                            O1 signal 0 through
                                                            out 15
  135 00000184 00000000        DCD              GPIO1_Combined_16_31_IRQHandler
 
                                                            ;Combined interrupt
                                                             indication for GPI
                                                            O1 signal 16 throug
                                                            hout 31
  136 00000188 00000000        DCD              GPIO2_Combined_0_15_IRQHandler 
                                                            ;Combined interrupt
                                                             indication for GPI
                                                            O2 signal 0 through



ARM Macro Assembler    Page 6 


                                                            out 15
  137 0000018C 00000000        DCD              GPIO2_Combined_16_31_IRQHandler
 
                                                            ;Combined interrupt
                                                             indication for GPI
                                                            O2 signal 16 throug
                                                            hout 31
  138 00000190 00000000        DCD              GPIO3_Combined_0_15_IRQHandler 
                                                            ;Combined interrupt
                                                             indication for GPI
                                                            O3 signal 0 through
                                                            out 15
  139 00000194 00000000        DCD              GPIO3_Combined_16_31_IRQHandler
 
                                                            ;Combined interrupt
                                                             indication for GPI
                                                            O3 signal 16 throug
                                                            hout 31
  140 00000198 00000000        DCD              GPIO4_Combined_0_15_IRQHandler 
                                                            ;Combined interrupt
                                                             indication for GPI
                                                            O4 signal 0 through
                                                            out 15
  141 0000019C 00000000        DCD              GPIO4_Combined_16_31_IRQHandler
 
                                                            ;Combined interrupt
                                                             indication for GPI
                                                            O4 signal 16 throug
                                                            hout 31
  142 000001A0 00000000        DCD              GPIO5_Combined_0_15_IRQHandler 
                                                            ;Combined interrupt
                                                             indication for GPI
                                                            O5 signal 0 through
                                                            out 15
  143 000001A4 00000000        DCD              GPIO5_Combined_16_31_IRQHandler
 
                                                            ;Combined interrupt
                                                             indication for GPI
                                                            O5 signal 16 throug
                                                            hout 31
  144 000001A8 00000000        DCD              FLEXIO1_IRQHandler 
                                                            ;FLEXIO1 interrupt
  145 000001AC 00000000        DCD              FLEXIO2_IRQHandler 
                                                            ;FLEXIO2 interrupt
  146 000001B0 00000000        DCD              WDOG1_IRQHandler 
                                                            ;WDOG1 interrupt
  147 000001B4 00000000        DCD              RTWDOG_IRQHandler 
                                                            ;RTWDOG interrupt
  148 000001B8 00000000        DCD              EWM_IRQHandler ;EWM interrupt
  149 000001BC 00000000        DCD              CCM_1_IRQHandler 
                                                            ;CCM IRQ1 interrupt
                                                            
  150 000001C0 00000000        DCD              CCM_2_IRQHandler 
                                                            ;CCM IRQ2 interrupt
                                                            
  151 000001C4 00000000        DCD              GPC_IRQHandler ;GPC interrupt
  152 000001C8 00000000        DCD              SRC_IRQHandler ;SRC interrupt
  153 000001CC 00000000        DCD              Reserved115_IRQHandler 
                                                            ;Reserved interrupt



ARM Macro Assembler    Page 7 


                                                            
  154 000001D0 00000000        DCD              GPT1_IRQHandler ;GPT1 interrupt
                                                            
  155 000001D4 00000000        DCD              GPT2_IRQHandler ;GPT2 interrupt
                                                            
  156 000001D8 00000000        DCD              PWM1_0_IRQHandler ;PWM1 capture
                                                             0, compare 0, or r
                                                            eload 0 interrupt
  157 000001DC 00000000        DCD              PWM1_1_IRQHandler ;PWM1 capture
                                                             1, compare 1, or r
                                                            eload 0 interrupt
  158 000001E0 00000000        DCD              PWM1_2_IRQHandler ;PWM1 capture
                                                             2, compare 2, or r
                                                            eload 0 interrupt
  159 000001E4 00000000        DCD              PWM1_3_IRQHandler ;PWM1 capture
                                                             3, compare 3, or r
                                                            eload 0 interrupt
  160 000001E8 00000000        DCD              PWM1_FAULT_IRQHandler ;PWM1 fau
                                                            lt or reload error 
                                                            interrupt
  161 000001EC 00000000        DCD              FLEXSPI2_IRQHandler 
                                                            ;FlexSPI2 interrupt
                                                            
  162 000001F0 00000000        DCD              FLEXSPI_IRQHandler 
                                                            ;FlexSPI0 interrupt
                                                            
  163 000001F4 00000000        DCD              SEMC_IRQHandler 
                                                            ;Reserved interrupt
                                                            
  164 000001F8 00000000        DCD              USDHC1_IRQHandler 
                                                            ;USDHC1 interrupt
  165 000001FC 00000000        DCD              USDHC2_IRQHandler 
                                                            ;USDHC2 interrupt
  166 00000200 00000000        DCD              USB_OTG2_IRQHandler 
                                                            ;USBO2 USB OTG2
  167 00000204 00000000        DCD              USB_OTG1_IRQHandler 
                                                            ;USBO2 USB OTG1
  168 00000208 00000000        DCD              ENET_IRQHandler ;ENET interrupt
                                                            
  169 0000020C 00000000        DCD              ENET_1588_Timer_IRQHandler ;ENE
                                                            T_1588_Timer interr
                                                            upt
  170 00000210 00000000        DCD              XBAR1_IRQ_0_1_IRQHandler 
                                                            ;XBAR1 interrupt
  171 00000214 00000000        DCD              XBAR1_IRQ_2_3_IRQHandler 
                                                            ;XBAR1 interrupt
  172 00000218 00000000        DCD              ADC_ETC_IRQ0_IRQHandler ;ADCETC
                                                             IRQ0 interrupt
  173 0000021C 00000000        DCD              ADC_ETC_IRQ1_IRQHandler ;ADCETC
                                                             IRQ1 interrupt
  174 00000220 00000000        DCD              ADC_ETC_IRQ2_IRQHandler ;ADCETC
                                                             IRQ2 interrupt
  175 00000224 00000000        DCD              ADC_ETC_ERROR_IRQ_IRQHandler ;A
                                                            DCETC Error IRQ int
                                                            errupt
  176 00000228 00000000        DCD              PIT_IRQHandler ;PIT interrupt
  177 0000022C 00000000        DCD              ACMP1_IRQHandler 
                                                            ;ACMP interrupt
  178 00000230 00000000        DCD              ACMP2_IRQHandler 



ARM Macro Assembler    Page 8 


                                                            ;ACMP interrupt
  179 00000234 00000000        DCD              ACMP3_IRQHandler 
                                                            ;ACMP interrupt
  180 00000238 00000000        DCD              ACMP4_IRQHandler 
                                                            ;ACMP interrupt
  181 0000023C 00000000        DCD              Reserved143_IRQHandler 
                                                            ;Reserved interrupt
                                                            
  182 00000240 00000000        DCD              Reserved144_IRQHandler 
                                                            ;Reserved interrupt
                                                            
  183 00000244 00000000        DCD              ENC1_IRQHandler ;ENC1 interrupt
                                                            
  184 00000248 00000000        DCD              ENC2_IRQHandler ;ENC2 interrupt
                                                            
  185 0000024C 00000000        DCD              ENC3_IRQHandler ;ENC3 interrupt
                                                            
  186 00000250 00000000        DCD              ENC4_IRQHandler ;ENC4 interrupt
                                                            
  187 00000254 00000000        DCD              TMR1_IRQHandler ;TMR1 interrupt
                                                            
  188 00000258 00000000        DCD              TMR2_IRQHandler ;TMR2 interrupt
                                                            
  189 0000025C 00000000        DCD              TMR3_IRQHandler ;TMR3 interrupt
                                                            
  190 00000260 00000000        DCD              TMR4_IRQHandler ;TMR4 interrupt
                                                            
  191 00000264 00000000        DCD              PWM2_0_IRQHandler ;PWM2 capture
                                                             0, compare 0, or r
                                                            eload 0 interrupt
  192 00000268 00000000        DCD              PWM2_1_IRQHandler ;PWM2 capture
                                                             1, compare 1, or r
                                                            eload 0 interrupt
  193 0000026C 00000000        DCD              PWM2_2_IRQHandler ;PWM2 capture
                                                             2, compare 2, or r
                                                            eload 0 interrupt
  194 00000270 00000000        DCD              PWM2_3_IRQHandler ;PWM2 capture
                                                             3, compare 3, or r
                                                            eload 0 interrupt
  195 00000274 00000000        DCD              PWM2_FAULT_IRQHandler ;PWM2 fau
                                                            lt or reload error 
                                                            interrupt
  196 00000278 00000000        DCD              PWM3_0_IRQHandler ;PWM3 capture
                                                             0, compare 0, or r
                                                            eload 0 interrupt
  197 0000027C 00000000        DCD              PWM3_1_IRQHandler ;PWM3 capture
                                                             1, compare 1, or r
                                                            eload 0 interrupt
  198 00000280 00000000        DCD              PWM3_2_IRQHandler ;PWM3 capture
                                                             2, compare 2, or r
                                                            eload 0 interrupt
  199 00000284 00000000        DCD              PWM3_3_IRQHandler ;PWM3 capture
                                                             3, compare 3, or r
                                                            eload 0 interrupt
  200 00000288 00000000        DCD              PWM3_FAULT_IRQHandler ;PWM3 fau
                                                            lt or reload error 
                                                            interrupt
  201 0000028C 00000000        DCD              PWM4_0_IRQHandler ;PWM4 capture
                                                             0, compare 0, or r



ARM Macro Assembler    Page 9 


                                                            eload 0 interrupt
  202 00000290 00000000        DCD              PWM4_1_IRQHandler ;PWM4 capture
                                                             1, compare 1, or r
                                                            eload 0 interrupt
  203 00000294 00000000        DCD              PWM4_2_IRQHandler ;PWM4 capture
                                                             2, compare 2, or r
                                                            eload 0 interrupt
  204 00000298 00000000        DCD              PWM4_3_IRQHandler ;PWM4 capture
                                                             3, compare 3, or r
                                                            eload 0 interrupt
  205 0000029C 00000000        DCD              PWM4_FAULT_IRQHandler ;PWM4 fau
                                                            lt or reload error 
                                                            interrupt
  206 000002A0 00000000        DCD              ENET2_IRQHandler 
                                                            ;ENET2 interrupt
  207 000002A4 00000000        DCD              ENET2_1588_Timer_IRQHandler ;EN
                                                            ET2_1588_Timer inte
                                                            rrupt
  208 000002A8 00000000        DCD              CAN3_IRQHandler ;CAN3 interrupt
                                                            
  209 000002AC 00000000        DCD              Reserved171_IRQHandler 
                                                            ;Reserved interrupt
                                                            
  210 000002B0 00000000        DCD              FLEXIO3_IRQHandler 
                                                            ;FLEXIO3 interrupt
  211 000002B4 00000000        DCD              GPIO6_7_8_9_IRQHandler ;GPIO6, 
                                                            GPIO7, GPIO8, GPIO9
                                                             interrupt
  212 000002B8 00000000        DCD              DefaultISR  ;174
  213 000002BC 00000000        DCD              DefaultISR  ;175
  214 000002C0 00000000        DCD              DefaultISR  ;176
  215 000002C4 00000000        DCD              DefaultISR  ;177
  216 000002C8 00000000        DCD              DefaultISR  ;178
  217 000002CC 00000000        DCD              DefaultISR  ;179
  218 000002D0 00000000        DCD              DefaultISR  ;180
  219 000002D4 00000000        DCD              DefaultISR  ;181
  220 000002D8 00000000        DCD              DefaultISR  ;182
  221 000002DC 00000000        DCD              DefaultISR  ;183
  222 000002E0 00000000        DCD              DefaultISR  ;184
  223 000002E4 00000000        DCD              DefaultISR  ;185
  224 000002E8 00000000        DCD              DefaultISR  ;186
  225 000002EC 00000000        DCD              DefaultISR  ;187
  226 000002F0 00000000        DCD              DefaultISR  ;188
  227 000002F4 00000000        DCD              DefaultISR  ;189
  228 000002F8 00000000        DCD              DefaultISR  ;190
  229 000002FC 00000000        DCD              DefaultISR  ;191
  230 00000300 00000000        DCD              DefaultISR  ;192
  231 00000304 00000000        DCD              DefaultISR  ;193
  232 00000308 00000000        DCD              DefaultISR  ;194
  233 0000030C 00000000        DCD              DefaultISR  ;195
  234 00000310 00000000        DCD              DefaultISR  ;196
  235 00000314 00000000        DCD              DefaultISR  ;197
  236 00000318 00000000        DCD              DefaultISR  ;198
  237 0000031C 00000000        DCD              DefaultISR  ;199
  238 00000320 00000000        DCD              DefaultISR  ;200
  239 00000324 00000000        DCD              DefaultISR  ;201
  240 00000328 00000000        DCD              DefaultISR  ;202
  241 0000032C 00000000        DCD              DefaultISR  ;203
  242 00000330 00000000        DCD              DefaultISR  ;204



ARM Macro Assembler    Page 10 


  243 00000334 00000000        DCD              DefaultISR  ;205
  244 00000338 00000000        DCD              DefaultISR  ;206
  245 0000033C 00000000        DCD              DefaultISR  ;207
  246 00000340 00000000        DCD              DefaultISR  ;208
  247 00000344 00000000        DCD              DefaultISR  ;209
  248 00000348 00000000        DCD              DefaultISR  ;210
  249 0000034C 00000000        DCD              DefaultISR  ;211
  250 00000350 00000000        DCD              DefaultISR  ;212
  251 00000354 00000000        DCD              DefaultISR  ;213
  252 00000358 00000000        DCD              DefaultISR  ;214
  253 0000035C 00000000        DCD              DefaultISR  ;215
  254 00000360 00000000        DCD              DefaultISR  ;216
  255 00000364 00000000        DCD              DefaultISR  ;217
  256 00000368 00000000        DCD              DefaultISR  ;218
  257 0000036C 00000000        DCD              DefaultISR  ;219
  258 00000370 00000000        DCD              DefaultISR  ;220
  259 00000374 00000000        DCD              DefaultISR  ;221
  260 00000378 00000000        DCD              DefaultISR  ;222
  261 0000037C 00000000        DCD              DefaultISR  ;223
  262 00000380 00000000        DCD              DefaultISR  ;224
  263 00000384 00000000        DCD              DefaultISR  ;225
  264 00000388 00000000        DCD              DefaultISR  ;226
  265 0000038C 00000000        DCD              DefaultISR  ;227
  266 00000390 00000000        DCD              DefaultISR  ;228
  267 00000394 00000000        DCD              DefaultISR  ;229
  268 00000398 00000000        DCD              DefaultISR  ;230
  269 0000039C 00000000        DCD              DefaultISR  ;231
  270 000003A0 00000000        DCD              DefaultISR  ;232
  271 000003A4 00000000        DCD              DefaultISR  ;233
  272 000003A8 00000000        DCD              DefaultISR  ;234
  273 000003AC 00000000        DCD              DefaultISR  ;235
  274 000003B0 00000000        DCD              DefaultISR  ;236
  275 000003B4 00000000        DCD              DefaultISR  ;237
  276 000003B8 00000000        DCD              DefaultISR  ;238
  277 000003BC 00000000        DCD              DefaultISR  ;239
  278 000003C0 00000000        DCD              DefaultISR  ;240
  279 000003C4 00000000        DCD              DefaultISR  ;241
  280 000003C8 00000000        DCD              DefaultISR  ;242
  281 000003CC 00000000        DCD              DefaultISR  ;243
  282 000003D0 00000000        DCD              DefaultISR  ;244
  283 000003D4 00000000        DCD              DefaultISR  ;245
  284 000003D8 00000000        DCD              DefaultISR  ;246
  285 000003DC 00000000        DCD              DefaultISR  ;247
  286 000003E0 00000000        DCD              DefaultISR  ;248
  287 000003E4 00000000        DCD              DefaultISR  ;249
  288 000003E8 00000000        DCD              DefaultISR  ;250
  289 000003EC 00000000        DCD              DefaultISR  ;251
  290 000003F0 00000000        DCD              DefaultISR  ;252
  291 000003F4 00000000        DCD              DefaultISR  ;253
  292 000003F8 00000000        DCD              DefaultISR  ;254
  293 000003FC FFFFFFFF        DCD              0xFFFFFFFF  ; Reserved for user
                                                             TRIM value
  294 00000400         __Vectors_End
  295 00000400         
  296 00000400 00000400 
                       __Vectors_Size
                               EQU              __Vectors_End - __Vectors
  297 00000400         
  298 00000400                 AREA             |.text|, CODE, READONLY



ARM Macro Assembler    Page 11 


  299 00000000         
  300 00000000         ; Reset Handler
  301 00000000 400AC038 
                       __iomux_gpr14_adr
                               EQU              0x400AC038
  302 00000000 400AC040 
                       __iomux_gpr16_adr
                               EQU              0x400AC040
  303 00000000 400AC044 
                       __iomux_gpr17_adr
                               EQU              0x400AC044
  304 00000000         
  305 00000000 5AAFFAA5 
                       __flexram_bank_cfg
                               EQU              0x5AAFFAA5
  306 00000000         
  307 00000000 00000008 
                       __flexram_itcm_size
                               EQU              0x8         ;128KB
  308 00000000 00000009 
                       __flexram_dtcm_size
                               EQU              0x9         ;256KB
  309 00000000         
  310 00000000         Reset_Handler
                               PROC
  311 00000000                 EXPORT           Reset_Handler             [WEAK
]
  312 00000000                 IMPORT           SystemInit
  313 00000000                 IMPORT           __main
  314 00000000         
  315 00000000 B672            CPSID            I           ; Mask interrupts
  316 00000002         
  317 00000002 4844            LDR              R0,=__iomux_gpr14_adr
  318 00000004 F44F 012A       LDR              R1,=0x00AA0000
  319 00000008 6001            STR              R1,[R0]
  320 0000000A         
  321 0000000A 4843            LDR              R0,=__iomux_gpr16_adr
  322 0000000C 4943            LDR              R1,=0x00200007
  323 0000000E 6001            STR              R1,[R0]
  324 00000010         
  325 00000010 4843            LDR              R0,=__iomux_gpr17_adr
  326 00000012         ;LDR R1,=0xFFFFFFF9    ;448K ITCM ;32K DTCM; 32K OCRAM
  327 00000012 F06F 0105       LDR              R1,=0xFFFFFFFA ;480K ITCM ;32K 
                                                            DTCM; 
  328 00000016 6001            STR              R1,[R0]
  329 00000018         
  330 00000018         ;;分配Bank,并且激活Bank配置
  331 00000018         ;LDR R0,=__iomux_gpr17_adr
  332 00000018         ;MOV32 R1,__flexram_bank_cfg
  333 00000018         ;STR R1,[R0]
  334 00000018         ;LDR R0,=__iomux_gpr16_adr
  335 00000018         ;LDR R1,[R0]
  336 00000018         ;ORR R1,R1,#4
  337 00000018         ;STR R1,[R0]
  338 00000018         ;;//////////////////////////////
  339 00000018         
  340 00000018         ;;调整TCM容量
  341 00000018         ;LDR R0,=__iomux_gpr14_adr
  342 00000018         ;LDR R1,[R0]



ARM Macro Assembler    Page 12 


  343 00000018         ;MOVT R1,#0x0000
  344 00000018         ;MOV R2,#__flexram_itcm_size
  345 00000018         ;MOV R3,#__flexram_dtcm_size
  346 00000018         ;LSL R2,R2,#16
  347 00000018         ;LSL R3,R3,#20
  348 00000018         ;ORR R1,R2,R3
  349 00000018         ;STR R1,[R0]
  350 00000018         
  351 00000018         
  352 00000018 4842            LDR              R0, =0xE000ED08
  353 0000001A 4943            LDR              R1, =__Vectors
  354 0000001C 6001            STR              R1, [R0]
  355 0000001E 680A            LDR              R2, [R1]
  356 00000020 F382 8808       MSR              MSP, R2
  357 00000024 4841            LDR              R0, =SystemInit
  358 00000026 4780            BLX              R0
  359 00000028 B662            CPSIE            i           ; Unmask interrupts
                                                            
  360 0000002A 4841            LDR              R0, =__main
  361 0000002C 4700            BX               R0
  362 0000002E                 ENDP
  363 0000002E         
  364 0000002E         
  365 0000002E         ; Dummy Exception Handlers (infinite loops which can be 
                       modified)
  367 0000002E         NMI_Handler
                               PROC
  368 0000002E                 EXPORT           NMI_Handler         [WEAK]
  369 0000002E E7FE            B                .
  370 00000030                 ENDP
  372 00000030         HardFault_Handler
                               PROC
  373 00000030                 EXPORT           HardFault_Handler         [WEAK
]
  374 00000030 E7FE            B                .
  375 00000032                 ENDP
  377 00000032         MemManage_Handler
                               PROC
  378 00000032                 EXPORT           MemManage_Handler         [WEAK
]
  379 00000032 E7FE            B                .
  380 00000034                 ENDP
  382 00000034         BusFault_Handler
                               PROC
  383 00000034                 EXPORT           BusFault_Handler         [WEAK]
  384 00000034 E7FE            B                .
  385 00000036                 ENDP
  387 00000036         UsageFault_Handler
                               PROC
  388 00000036                 EXPORT           UsageFault_Handler         [WEA
K]
  389 00000036 E7FE            B                .
  390 00000038                 ENDP
  392 00000038         SVC_Handler
                               PROC
  393 00000038                 EXPORT           SVC_Handler         [WEAK]
  394 00000038 E7FE            B                .
  395 0000003A                 ENDP
  397 0000003A         DebugMon_Handler



ARM Macro Assembler    Page 13 


                               PROC
  398 0000003A                 EXPORT           DebugMon_Handler         [WEAK]
  399 0000003A E7FE            B                .
  400 0000003C                 ENDP
  402 0000003C         PendSV_Handler
                               PROC
  403 0000003C                 EXPORT           PendSV_Handler         [WEAK]
  404 0000003C E7FE            B                .
  405 0000003E                 ENDP
  407 0000003E         SysTick_Handler
                               PROC
  408 0000003E                 EXPORT           SysTick_Handler         [WEAK]
  409 0000003E E7FE            B                .
  410 00000040                 ENDP
  412 00000040         DMA0_DMA16_IRQHandler
                               PROC
  413 00000040                 EXPORT           DMA0_DMA16_IRQHandler         [
WEAK]
  414 00000040 483C            LDR              R0, =DMA0_DMA16_DriverIRQHandle
r
  415 00000042 4700            BX               R0
  416 00000044                 ENDP
  417 00000044         
  419 00000044         DMA1_DMA17_IRQHandler
                               PROC
  420 00000044                 EXPORT           DMA1_DMA17_IRQHandler         [
WEAK]
  421 00000044 483C            LDR              R0, =DMA1_DMA17_DriverIRQHandle
r
  422 00000046 4700            BX               R0
  423 00000048                 ENDP
  424 00000048         
  426 00000048         DMA2_DMA18_IRQHandler
                               PROC
  427 00000048                 EXPORT           DMA2_DMA18_IRQHandler         [
WEAK]
  428 00000048 483C            LDR              R0, =DMA2_DMA18_DriverIRQHandle
r
  429 0000004A 4700            BX               R0
  430 0000004C                 ENDP
  431 0000004C         
  433 0000004C         DMA3_DMA19_IRQHandler
                               PROC
  434 0000004C                 EXPORT           DMA3_DMA19_IRQHandler         [
WEAK]
  435 0000004C 483C            LDR              R0, =DMA3_DMA19_DriverIRQHandle
r
  436 0000004E 4700            BX               R0
  437 00000050                 ENDP
  438 00000050         
  440 00000050         DMA4_DMA20_IRQHandler
                               PROC
  441 00000050                 EXPORT           DMA4_DMA20_IRQHandler         [
WEAK]
  442 00000050 483C            LDR              R0, =DMA4_DMA20_DriverIRQHandle
r
  443 00000052 4700            BX               R0
  444 00000054                 ENDP
  445 00000054         



ARM Macro Assembler    Page 14 


  447 00000054         DMA5_DMA21_IRQHandler
                               PROC
  448 00000054                 EXPORT           DMA5_DMA21_IRQHandler         [
WEAK]
  449 00000054 483C            LDR              R0, =DMA5_DMA21_DriverIRQHandle
r
  450 00000056 4700            BX               R0
  451 00000058                 ENDP
  452 00000058         
  454 00000058         DMA6_DMA22_IRQHandler
                               PROC
  455 00000058                 EXPORT           DMA6_DMA22_IRQHandler         [
WEAK]
  456 00000058 483C            LDR              R0, =DMA6_DMA22_DriverIRQHandle
r
  457 0000005A 4700            BX               R0
  458 0000005C                 ENDP
  459 0000005C         
  461 0000005C         DMA7_DMA23_IRQHandler
                               PROC
  462 0000005C                 EXPORT           DMA7_DMA23_IRQHandler         [
WEAK]
  463 0000005C 483C            LDR              R0, =DMA7_DMA23_DriverIRQHandle
r
  464 0000005E 4700            BX               R0
  465 00000060                 ENDP
  466 00000060         
  468 00000060         DMA8_DMA24_IRQHandler
                               PROC
  469 00000060                 EXPORT           DMA8_DMA24_IRQHandler         [
WEAK]
  470 00000060 483C            LDR              R0, =DMA8_DMA24_DriverIRQHandle
r
  471 00000062 4700            BX               R0
  472 00000064                 ENDP
  473 00000064         
  475 00000064         DMA9_DMA25_IRQHandler
                               PROC
  476 00000064                 EXPORT           DMA9_DMA25_IRQHandler         [
WEAK]
  477 00000064 483C            LDR              R0, =DMA9_DMA25_DriverIRQHandle
r
  478 00000066 4700            BX               R0
  479 00000068                 ENDP
  480 00000068         
  482 00000068         DMA10_DMA26_IRQHandler
                               PROC
  483 00000068                 EXPORT           DMA10_DMA26_IRQHandler         
[WEAK]
  484 00000068 483C            LDR              R0, =DMA10_DMA26_DriverIRQHandl
er
  485 0000006A 4700            BX               R0
  486 0000006C                 ENDP
  487 0000006C         
  489 0000006C         DMA11_DMA27_IRQHandler
                               PROC
  490 0000006C                 EXPORT           DMA11_DMA27_IRQHandler         
[WEAK]
  491 0000006C 483C            LDR              R0, =DMA11_DMA27_DriverIRQHandl



ARM Macro Assembler    Page 15 


er
  492 0000006E 4700            BX               R0
  493 00000070                 ENDP
  494 00000070         
  496 00000070         DMA12_DMA28_IRQHandler
                               PROC
  497 00000070                 EXPORT           DMA12_DMA28_IRQHandler         
[WEAK]
  498 00000070 483C            LDR              R0, =DMA12_DMA28_DriverIRQHandl
er
  499 00000072 4700            BX               R0
  500 00000074                 ENDP
  501 00000074         
  503 00000074         DMA13_DMA29_IRQHandler
                               PROC
  504 00000074                 EXPORT           DMA13_DMA29_IRQHandler         
[WEAK]
  505 00000074 483C            LDR              R0, =DMA13_DMA29_DriverIRQHandl
er
  506 00000076 4700            BX               R0
  507 00000078                 ENDP
  508 00000078         
  510 00000078         DMA14_DMA30_IRQHandler
                               PROC
  511 00000078                 EXPORT           DMA14_DMA30_IRQHandler         
[WEAK]
  512 00000078 483C            LDR              R0, =DMA14_DMA30_DriverIRQHandl
er
  513 0000007A 4700            BX               R0
  514 0000007C                 ENDP
  515 0000007C         
  517 0000007C         DMA15_DMA31_IRQHandler
                               PROC
  518 0000007C                 EXPORT           DMA15_DMA31_IRQHandler         
[WEAK]
  519 0000007C 483C            LDR              R0, =DMA15_DMA31_DriverIRQHandl
er
  520 0000007E 4700            BX               R0
  521 00000080                 ENDP
  522 00000080         
  524 00000080         DMA_ERROR_IRQHandler
                               PROC
  525 00000080                 EXPORT           DMA_ERROR_IRQHandler         [W
EAK]
  526 00000080 483C            LDR              R0, =DMA_ERROR_DriverIRQHandler
  527 00000082 4700            BX               R0
  528 00000084                 ENDP
  529 00000084         
  531 00000084         LPUART1_IRQHandler
                               PROC
  532 00000084                 EXPORT           LPUART1_IRQHandler         [WEA
K]
  533 00000084 483C            LDR              R0, =LPUART1_DriverIRQHandler
  534 00000086 4700            BX               R0
  535 00000088                 ENDP
  536 00000088         
  538 00000088         LPUART2_IRQHandler
                               PROC
  539 00000088                 EXPORT           LPUART2_IRQHandler         [WEA



ARM Macro Assembler    Page 16 


K]
  540 00000088 483C            LDR              R0, =LPUART2_DriverIRQHandler
  541 0000008A 4700            BX               R0
  542 0000008C                 ENDP
  543 0000008C         
  545 0000008C         LPUART3_IRQHandler
                               PROC
  546 0000008C                 EXPORT           LPUART3_IRQHandler         [WEA
K]
  547 0000008C 483C            LDR              R0, =LPUART3_DriverIRQHandler
  548 0000008E 4700            BX               R0
  549 00000090                 ENDP
  550 00000090         
  552 00000090         LPUART4_IRQHandler
                               PROC
  553 00000090                 EXPORT           LPUART4_IRQHandler         [WEA
K]
  554 00000090 483C            LDR              R0, =LPUART4_DriverIRQHandler
  555 00000092 4700            BX               R0
  556 00000094                 ENDP
  557 00000094         
  559 00000094         LPUART5_IRQHandler
                               PROC
  560 00000094                 EXPORT           LPUART5_IRQHandler         [WEA
K]
  561 00000094 483C            LDR              R0, =LPUART5_DriverIRQHandler
  562 00000096 4700            BX               R0
  563 00000098                 ENDP
  564 00000098         
  566 00000098         LPUART6_IRQHandler
                               PROC
  567 00000098                 EXPORT           LPUART6_IRQHandler         [WEA
K]
  568 00000098 483C            LDR              R0, =LPUART6_DriverIRQHandler
  569 0000009A 4700            BX               R0
  570 0000009C                 ENDP
  571 0000009C         
  573 0000009C         LPUART7_IRQHandler
                               PROC
  574 0000009C                 EXPORT           LPUART7_IRQHandler         [WEA
K]
  575 0000009C 483C            LDR              R0, =LPUART7_DriverIRQHandler
  576 0000009E 4700            BX               R0
  577 000000A0                 ENDP
  578 000000A0         
  580 000000A0         LPUART8_IRQHandler
                               PROC
  581 000000A0                 EXPORT           LPUART8_IRQHandler         [WEA
K]
  582 000000A0 483C            LDR              R0, =LPUART8_DriverIRQHandler
  583 000000A2 4700            BX               R0
  584 000000A4                 ENDP
  585 000000A4         
  587 000000A4         LPI2C1_IRQHandler
                               PROC
  588 000000A4                 EXPORT           LPI2C1_IRQHandler         [WEAK
]
  589 000000A4 483C            LDR              R0, =LPI2C1_DriverIRQHandler
  590 000000A6 4700            BX               R0



ARM Macro Assembler    Page 17 


  591 000000A8                 ENDP
  592 000000A8         
  594 000000A8         LPI2C2_IRQHandler
                               PROC
  595 000000A8                 EXPORT           LPI2C2_IRQHandler         [WEAK
]
  596 000000A8 483C            LDR              R0, =LPI2C2_DriverIRQHandler
  597 000000AA 4700            BX               R0
  598 000000AC                 ENDP
  599 000000AC         
  601 000000AC         LPI2C3_IRQHandler
                               PROC
  602 000000AC                 EXPORT           LPI2C3_IRQHandler         [WEAK
]
  603 000000AC 483C            LDR              R0, =LPI2C3_DriverIRQHandler
  604 000000AE 4700            BX               R0
  605 000000B0                 ENDP
  606 000000B0         
  608 000000B0         LPI2C4_IRQHandler
                               PROC
  609 000000B0                 EXPORT           LPI2C4_IRQHandler         [WEAK
]
  610 000000B0 483C            LDR              R0, =LPI2C4_DriverIRQHandler
  611 000000B2 4700            BX               R0
  612 000000B4                 ENDP
  613 000000B4         
  615 000000B4         LPSPI1_IRQHandler
                               PROC
  616 000000B4                 EXPORT           LPSPI1_IRQHandler         [WEAK
]
  617 000000B4 483C            LDR              R0, =LPSPI1_DriverIRQHandler
  618 000000B6 4700            BX               R0
  619 000000B8                 ENDP
  620 000000B8         
  622 000000B8         LPSPI2_IRQHandler
                               PROC
  623 000000B8                 EXPORT           LPSPI2_IRQHandler         [WEAK
]
  624 000000B8 483C            LDR              R0, =LPSPI2_DriverIRQHandler
  625 000000BA 4700            BX               R0
  626 000000BC                 ENDP
  627 000000BC         
  629 000000BC         LPSPI3_IRQHandler
                               PROC
  630 000000BC                 EXPORT           LPSPI3_IRQHandler         [WEAK
]
  631 000000BC 483C            LDR              R0, =LPSPI3_DriverIRQHandler
  632 000000BE 4700            BX               R0
  633 000000C0                 ENDP
  634 000000C0         
  636 000000C0         LPSPI4_IRQHandler
                               PROC
  637 000000C0                 EXPORT           LPSPI4_IRQHandler         [WEAK
]
  638 000000C0 483C            LDR              R0, =LPSPI4_DriverIRQHandler
  639 000000C2 4700            BX               R0
  640 000000C4                 ENDP
  641 000000C4         
  643 000000C4         CAN1_IRQHandler



ARM Macro Assembler    Page 18 


                               PROC
  644 000000C4                 EXPORT           CAN1_IRQHandler         [WEAK]
  645 000000C4 483C            LDR              R0, =CAN1_DriverIRQHandler
  646 000000C6 4700            BX               R0
  647 000000C8                 ENDP
  648 000000C8         
  650 000000C8         CAN2_IRQHandler
                               PROC
  651 000000C8                 EXPORT           CAN2_IRQHandler         [WEAK]
  652 000000C8 483C            LDR              R0, =CAN2_DriverIRQHandler
  653 000000CA 4700            BX               R0
  654 000000CC                 ENDP
  655 000000CC         
  657 000000CC         SAI1_IRQHandler
                               PROC
  658 000000CC                 EXPORT           SAI1_IRQHandler         [WEAK]
  659 000000CC 483C            LDR              R0, =SAI1_DriverIRQHandler
  660 000000CE 4700            BX               R0
  661 000000D0                 ENDP
  662 000000D0         
  664 000000D0         SAI2_IRQHandler
                               PROC
  665 000000D0                 EXPORT           SAI2_IRQHandler         [WEAK]
  666 000000D0 483C            LDR              R0, =SAI2_DriverIRQHandler
  667 000000D2 4700            BX               R0
  668 000000D4                 ENDP
  669 000000D4         
  671 000000D4         SAI3_RX_IRQHandler
                               PROC
  672 000000D4                 EXPORT           SAI3_RX_IRQHandler         [WEA
K]
  673 000000D4 483C            LDR              R0, =SAI3_RX_DriverIRQHandler
  674 000000D6 4700            BX               R0
  675 000000D8                 ENDP
  676 000000D8         
  678 000000D8         SAI3_TX_IRQHandler
                               PROC
  679 000000D8                 EXPORT           SAI3_TX_IRQHandler         [WEA
K]
  680 000000D8 483C            LDR              R0, =SAI3_TX_DriverIRQHandler
  681 000000DA 4700            BX               R0
  682 000000DC                 ENDP
  683 000000DC         
  685 000000DC         SPDIF_IRQHandler
                               PROC
  686 000000DC                 EXPORT           SPDIF_IRQHandler         [WEAK]
  687 000000DC 483C            LDR              R0, =SPDIF_DriverIRQHandler
  688 000000DE 4700            BX               R0
  689 000000E0                 ENDP
  690 000000E0         
  692 000000E0         FLEXIO1_IRQHandler
                               PROC
  693 000000E0                 EXPORT           FLEXIO1_IRQHandler         [WEA
K]
  694 000000E0 483C            LDR              R0, =FLEXIO1_DriverIRQHandler
  695 000000E2 4700            BX               R0
  696 000000E4                 ENDP
  697 000000E4         
  699 000000E4         FLEXIO2_IRQHandler



ARM Macro Assembler    Page 19 


                               PROC
  700 000000E4                 EXPORT           FLEXIO2_IRQHandler         [WEA
K]
  701 000000E4 483C            LDR              R0, =FLEXIO2_DriverIRQHandler
  702 000000E6 4700            BX               R0
  703 000000E8                 ENDP
  704 000000E8         
  706 000000E8         FLEXSPI2_IRQHandler
                               PROC
  707 000000E8                 EXPORT           FLEXSPI2_IRQHandler         [WE
AK]
  708 000000E8 483C            LDR              R0, =FLEXSPI2_DriverIRQHandler
  709 000000EA 4700            BX               R0
  710 000000EC                 ENDP
  711 000000EC         
  713 000000EC         FLEXSPI_IRQHandler
                               PROC
  714 000000EC                 EXPORT           FLEXSPI_IRQHandler         [WEA
K]
  715 000000EC 483C            LDR              R0, =FLEXSPI_DriverIRQHandler
  716 000000EE 4700            BX               R0
  717 000000F0                 ENDP
  718 000000F0         
  720 000000F0         USDHC1_IRQHandler
                               PROC
  721 000000F0                 EXPORT           USDHC1_IRQHandler         [WEAK
]
  722 000000F0 483C            LDR              R0, =USDHC1_DriverIRQHandler
  723 000000F2 4700            BX               R0
  724 000000F4                 ENDP
  725 000000F4         
  727 000000F4         USDHC2_IRQHandler
                               PROC
  728 000000F4                 EXPORT           USDHC2_IRQHandler         [WEAK
]
  729 000000F4 483C            LDR              R0, =USDHC2_DriverIRQHandler
  730 000000F6 4700            BX               R0
  731 000000F8                 ENDP
  732 000000F8         
  734 000000F8         ENET_IRQHandler
                               PROC
  735 000000F8                 EXPORT           ENET_IRQHandler         [WEAK]
  736 000000F8 483C            LDR              R0, =ENET_DriverIRQHandler
  737 000000FA 4700            BX               R0
  738 000000FC                 ENDP
  739 000000FC         
  741 000000FC         ENET_1588_Timer_IRQHandler
                               PROC
  742 000000FC                 EXPORT           ENET_1588_Timer_IRQHandler     
    [WEAK]
  743 000000FC 483C            LDR              R0, =ENET_1588_Timer_DriverIRQH
andler
  744 000000FE 4700            BX               R0
  745 00000100                 ENDP
  746 00000100         
  748 00000100         ENET2_IRQHandler
                               PROC
  749 00000100                 EXPORT           ENET2_IRQHandler         [WEAK]
  750 00000100 483C            LDR              R0, =ENET2_DriverIRQHandler



ARM Macro Assembler    Page 20 


  751 00000102 4700            BX               R0
  752 00000104                 ENDP
  753 00000104         
  755 00000104         ENET2_1588_Timer_IRQHandler
                               PROC
  756 00000104                 EXPORT           ENET2_1588_Timer_IRQHandler    
     [WEAK]
  757 00000104 483C            LDR              R0, =ENET2_1588_Timer_DriverIRQ
Handler
  758 00000106 4700            BX               R0
  759 00000108                 ENDP
  760 00000108         
  762 00000108         CAN3_IRQHandler
                               PROC
  763 00000108                 EXPORT           CAN3_IRQHandler         [WEAK]
  764 00000108 483C            LDR              R0, =CAN3_DriverIRQHandler
  765 0000010A 4700            BX               R0
  766 0000010C                 ENDP
  767 0000010C         
  769 0000010C         FLEXIO3_IRQHandler
                               PROC
  770 0000010C                 EXPORT           FLEXIO3_IRQHandler         [WEA
K]
  771 0000010C 483C            LDR              R0, =FLEXIO3_DriverIRQHandler
  772 0000010E 4700            BX               R0
  773 00000110                 ENDP
  774 00000110         
  776 00000110         Default_Handler
                               PROC
  777 00000110                 EXPORT           DMA0_DMA16_DriverIRQHandler    
     [WEAK]
  778 00000110                 EXPORT           DMA1_DMA17_DriverIRQHandler    
     [WEAK]
  779 00000110                 EXPORT           DMA2_DMA18_DriverIRQHandler    
     [WEAK]
  780 00000110                 EXPORT           DMA3_DMA19_DriverIRQHandler    
     [WEAK]
  781 00000110                 EXPORT           DMA4_DMA20_DriverIRQHandler    
     [WEAK]
  782 00000110                 EXPORT           DMA5_DMA21_DriverIRQHandler    
     [WEAK]
  783 00000110                 EXPORT           DMA6_DMA22_DriverIRQHandler    
     [WEAK]
  784 00000110                 EXPORT           DMA7_DMA23_DriverIRQHandler    
     [WEAK]
  785 00000110                 EXPORT           DMA8_DMA24_DriverIRQHandler    
     [WEAK]
  786 00000110                 EXPORT           DMA9_DMA25_DriverIRQHandler    
     [WEAK]
  787 00000110                 EXPORT           DMA10_DMA26_DriverIRQHandler   
      [WEAK]
  788 00000110                 EXPORT           DMA11_DMA27_DriverIRQHandler   
      [WEAK]
  789 00000110                 EXPORT           DMA12_DMA28_DriverIRQHandler   
      [WEAK]
  790 00000110                 EXPORT           DMA13_DMA29_DriverIRQHandler   
      [WEAK]
  791 00000110                 EXPORT           DMA14_DMA30_DriverIRQHandler   
      [WEAK]



ARM Macro Assembler    Page 21 


  792 00000110                 EXPORT           DMA15_DMA31_DriverIRQHandler   
      [WEAK]
  793 00000110                 EXPORT           DMA_ERROR_DriverIRQHandler     
    [WEAK]
  794 00000110                 EXPORT           CTI0_ERROR_IRQHandler         [
WEAK]
  795 00000110                 EXPORT           CTI1_ERROR_IRQHandler         [
WEAK]
  796 00000110                 EXPORT           CORE_IRQHandler         [WEAK]
  797 00000110                 EXPORT           LPUART1_DriverIRQHandler       
  [WEAK]
  798 00000110                 EXPORT           LPUART2_DriverIRQHandler       
  [WEAK]
  799 00000110                 EXPORT           LPUART3_DriverIRQHandler       
  [WEAK]
  800 00000110                 EXPORT           LPUART4_DriverIRQHandler       
  [WEAK]
  801 00000110                 EXPORT           LPUART5_DriverIRQHandler       
  [WEAK]
  802 00000110                 EXPORT           LPUART6_DriverIRQHandler       
  [WEAK]
  803 00000110                 EXPORT           LPUART7_DriverIRQHandler       
  [WEAK]
  804 00000110                 EXPORT           LPUART8_DriverIRQHandler       
  [WEAK]
  805 00000110                 EXPORT           LPI2C1_DriverIRQHandler        
 [WEAK]
  806 00000110                 EXPORT           LPI2C2_DriverIRQHandler        
 [WEAK]
  807 00000110                 EXPORT           LPI2C3_DriverIRQHandler        
 [WEAK]
  808 00000110                 EXPORT           LPI2C4_DriverIRQHandler        
 [WEAK]
  809 00000110                 EXPORT           LPSPI1_DriverIRQHandler        
 [WEAK]
  810 00000110                 EXPORT           LPSPI2_DriverIRQHandler        
 [WEAK]
  811 00000110                 EXPORT           LPSPI3_DriverIRQHandler        
 [WEAK]
  812 00000110                 EXPORT           LPSPI4_DriverIRQHandler        
 [WEAK]
  813 00000110                 EXPORT           CAN1_DriverIRQHandler         [
WEAK]
  814 00000110                 EXPORT           CAN2_DriverIRQHandler         [
WEAK]
  815 00000110                 EXPORT           FLEXRAM_IRQHandler         [WEA
K]
  816 00000110                 EXPORT           KPP_IRQHandler         [WEAK]
  817 00000110                 EXPORT           TSC_DIG_IRQHandler         [WEA
K]
  818 00000110                 EXPORT           GPR_IRQ_IRQHandler         [WEA
K]
  819 00000110                 EXPORT           Reserved58_IRQHandler         [
WEAK]
  820 00000110                 EXPORT           Reserved59_IRQHandler         [
WEAK]
  821 00000110                 EXPORT           Reserved60_IRQHandler         [
WEAK]
  822 00000110                 EXPORT           WDOG2_IRQHandler         [WEAK]



ARM Macro Assembler    Page 22 


  823 00000110                 EXPORT           SNVS_HP_WRAPPER_IRQHandler     
    [WEAK]
  824 00000110                 EXPORT           SNVS_HP_WRAPPER_TZ_IRQHandler  
       [WEAK]
  825 00000110                 EXPORT           SNVS_LP_WRAPPER_IRQHandler     
    [WEAK]
  826 00000110                 EXPORT           CSU_IRQHandler         [WEAK]
  827 00000110                 EXPORT           DCP_IRQHandler         [WEAK]
  828 00000110                 EXPORT           DCP_VMI_IRQHandler         [WEA
K]
  829 00000110                 EXPORT           Reserved68_IRQHandler         [
WEAK]
  830 00000110                 EXPORT           TRNG_IRQHandler         [WEAK]
  831 00000110                 EXPORT           SJC_IRQHandler         [WEAK]
  832 00000110                 EXPORT           BEE_IRQHandler         [WEAK]
  833 00000110                 EXPORT           SAI1_DriverIRQHandler         [
WEAK]
  834 00000110                 EXPORT           SAI2_DriverIRQHandler         [
WEAK]
  835 00000110                 EXPORT           SAI3_RX_DriverIRQHandler       
  [WEAK]
  836 00000110                 EXPORT           SAI3_TX_DriverIRQHandler       
  [WEAK]
  837 00000110                 EXPORT           SPDIF_DriverIRQHandler         
[WEAK]
  838 00000110                 EXPORT           PMU_EVENT_IRQHandler         [W
EAK]
  839 00000110                 EXPORT           Reserved78_IRQHandler         [
WEAK]
  840 00000110                 EXPORT           TEMP_LOW_HIGH_IRQHandler       
  [WEAK]
  841 00000110                 EXPORT           TEMP_PANIC_IRQHandler         [
WEAK]
  842 00000110                 EXPORT           USB_PHY1_IRQHandler         [WE
AK]
  843 00000110                 EXPORT           USB_PHY2_IRQHandler         [WE
AK]
  844 00000110                 EXPORT           ADC1_IRQHandler         [WEAK]
  845 00000110                 EXPORT           ADC2_IRQHandler         [WEAK]
  846 00000110                 EXPORT           DCDC_IRQHandler         [WEAK]
  847 00000110                 EXPORT           Reserved86_IRQHandler         [
WEAK]
  848 00000110                 EXPORT           Reserved87_IRQHandler         [
WEAK]
  849 00000110                 EXPORT           GPIO1_INT0_IRQHandler         [
WEAK]
  850 00000110                 EXPORT           GPIO1_INT1_IRQHandler         [
WEAK]
  851 00000110                 EXPORT           GPIO1_INT2_IRQHandler         [
WEAK]
  852 00000110                 EXPORT           GPIO1_INT3_IRQHandler         [
WEAK]
  853 00000110                 EXPORT           GPIO1_INT4_IRQHandler         [
WEAK]
  854 00000110                 EXPORT           GPIO1_INT5_IRQHandler         [
WEAK]
  855 00000110                 EXPORT           GPIO1_INT6_IRQHandler         [
WEAK]
  856 00000110                 EXPORT           GPIO1_INT7_IRQHandler         [



ARM Macro Assembler    Page 23 


WEAK]
  857 00000110                 EXPORT           GPIO1_Combined_0_15_IRQHandler 
        [WEAK]
  858 00000110                 EXPORT           GPIO1_Combined_16_31_IRQHandler
         [WEAK]
  859 00000110                 EXPORT           GPIO2_Combined_0_15_IRQHandler 
        [WEAK]
  860 00000110                 EXPORT           GPIO2_Combined_16_31_IRQHandler
         [WEAK]
  861 00000110                 EXPORT           GPIO3_Combined_0_15_IRQHandler 
        [WEAK]
  862 00000110                 EXPORT           GPIO3_Combined_16_31_IRQHandler
         [WEAK]
  863 00000110                 EXPORT           GPIO4_Combined_0_15_IRQHandler 
        [WEAK]
  864 00000110                 EXPORT           GPIO4_Combined_16_31_IRQHandler
         [WEAK]
  865 00000110                 EXPORT           GPIO5_Combined_0_15_IRQHandler 
        [WEAK]
  866 00000110                 EXPORT           GPIO5_Combined_16_31_IRQHandler
         [WEAK]
  867 00000110                 EXPORT           FLEXIO1_DriverIRQHandler       
  [WEAK]
  868 00000110                 EXPORT           FLEXIO2_DriverIRQHandler       
  [WEAK]
  869 00000110                 EXPORT           WDOG1_IRQHandler         [WEAK]
  870 00000110                 EXPORT           RTWDOG_IRQHandler         [WEAK
]
  871 00000110                 EXPORT           EWM_IRQHandler         [WEAK]
  872 00000110                 EXPORT           CCM_1_IRQHandler         [WEAK]
  873 00000110                 EXPORT           CCM_2_IRQHandler         [WEAK]
  874 00000110                 EXPORT           GPC_IRQHandler         [WEAK]
  875 00000110                 EXPORT           SRC_IRQHandler         [WEAK]
  876 00000110                 EXPORT           Reserved115_IRQHandler         
[WEAK]
  877 00000110                 EXPORT           GPT1_IRQHandler         [WEAK]
  878 00000110                 EXPORT           GPT2_IRQHandler         [WEAK]
  879 00000110                 EXPORT           PWM1_0_IRQHandler         [WEAK
]
  880 00000110                 EXPORT           PWM1_1_IRQHandler         [WEAK
]
  881 00000110                 EXPORT           PWM1_2_IRQHandler         [WEAK
]
  882 00000110                 EXPORT           PWM1_3_IRQHandler         [WEAK
]
  883 00000110                 EXPORT           PWM1_FAULT_IRQHandler         [
WEAK]
  884 00000110                 EXPORT           FLEXSPI2_DriverIRQHandler      
   [WEAK]
  885 00000110                 EXPORT           FLEXSPI_DriverIRQHandler       
  [WEAK]
  886 00000110                 EXPORT           SEMC_IRQHandler         [WEAK]
  887 00000110                 EXPORT           USDHC1_DriverIRQHandler        
 [WEAK]
  888 00000110                 EXPORT           USDHC2_DriverIRQHandler        
 [WEAK]
  889 00000110                 EXPORT           USB_OTG2_IRQHandler         [WE
AK]
  890 00000110                 EXPORT           USB_OTG1_IRQHandler         [WE



ARM Macro Assembler    Page 24 


AK]
  891 00000110                 EXPORT           ENET_DriverIRQHandler         [
WEAK]
  892 00000110                 EXPORT           ENET_1588_Timer_DriverIRQHandle
r         [WEAK]
  893 00000110                 EXPORT           XBAR1_IRQ_0_1_IRQHandler       
  [WEAK]
  894 00000110                 EXPORT           XBAR1_IRQ_2_3_IRQHandler       
  [WEAK]
  895 00000110                 EXPORT           ADC_ETC_IRQ0_IRQHandler        
 [WEAK]
  896 00000110                 EXPORT           ADC_ETC_IRQ1_IRQHandler        
 [WEAK]
  897 00000110                 EXPORT           ADC_ETC_IRQ2_IRQHandler        
 [WEAK]
  898 00000110                 EXPORT           ADC_ETC_ERROR_IRQ_IRQHandler   
      [WEAK]
  899 00000110                 EXPORT           PIT_IRQHandler         [WEAK]
  900 00000110                 EXPORT           ACMP1_IRQHandler         [WEAK]
  901 00000110                 EXPORT           ACMP2_IRQHandler         [WEAK]
  902 00000110                 EXPORT           ACMP3_IRQHandler         [WEAK]
  903 00000110                 EXPORT           ACMP4_IRQHandler         [WEAK]
  904 00000110                 EXPORT           Reserved143_IRQHandler         
[WEAK]
  905 00000110                 EXPORT           Reserved144_IRQHandler         
[WEAK]
  906 00000110                 EXPORT           ENC1_IRQHandler         [WEAK]
  907 00000110                 EXPORT           ENC2_IRQHandler         [WEAK]
  908 00000110                 EXPORT           ENC3_IRQHandler         [WEAK]
  909 00000110                 EXPORT           ENC4_IRQHandler         [WEAK]
  910 00000110                 EXPORT           TMR1_IRQHandler         [WEAK]
  911 00000110                 EXPORT           TMR2_IRQHandler         [WEAK]
  912 00000110                 EXPORT           TMR3_IRQHandler         [WEAK]
  913 00000110                 EXPORT           TMR4_IRQHandler         [WEAK]
  914 00000110                 EXPORT           PWM2_0_IRQHandler         [WEAK
]
  915 00000110                 EXPORT           PWM2_1_IRQHandler         [WEAK
]
  916 00000110                 EXPORT           PWM2_2_IRQHandler         [WEAK
]
  917 00000110                 EXPORT           PWM2_3_IRQHandler         [WEAK
]
  918 00000110                 EXPORT           PWM2_FAULT_IRQHandler         [
WEAK]
  919 00000110                 EXPORT           PWM3_0_IRQHandler         [WEAK
]
  920 00000110                 EXPORT           PWM3_1_IRQHandler         [WEAK
]
  921 00000110                 EXPORT           PWM3_2_IRQHandler         [WEAK
]
  922 00000110                 EXPORT           PWM3_3_IRQHandler         [WEAK
]
  923 00000110                 EXPORT           PWM3_FAULT_IRQHandler         [
WEAK]
  924 00000110                 EXPORT           PWM4_0_IRQHandler         [WEAK
]
  925 00000110                 EXPORT           PWM4_1_IRQHandler         [WEAK
]
  926 00000110                 EXPORT           PWM4_2_IRQHandler         [WEAK



ARM Macro Assembler    Page 25 


]
  927 00000110                 EXPORT           PWM4_3_IRQHandler         [WEAK
]
  928 00000110                 EXPORT           PWM4_FAULT_IRQHandler         [
WEAK]
  929 00000110                 EXPORT           ENET2_DriverIRQHandler         
[WEAK]
  930 00000110                 EXPORT           ENET2_1588_Timer_DriverIRQHandl
er         [WEAK]
  931 00000110                 EXPORT           CAN3_DriverIRQHandler         [
WEAK]
  932 00000110                 EXPORT           Reserved171_IRQHandler         
[WEAK]
  933 00000110                 EXPORT           FLEXIO3_DriverIRQHandler       
  [WEAK]
  934 00000110                 EXPORT           GPIO6_7_8_9_IRQHandler         
[WEAK]
  935 00000110                 EXPORT           DefaultISR         [WEAK]
  936 00000110         DMA0_DMA16_DriverIRQHandler
  937 00000110         DMA1_DMA17_DriverIRQHandler
  938 00000110         DMA2_DMA18_DriverIRQHandler
  939 00000110         DMA3_DMA19_DriverIRQHandler
  940 00000110         DMA4_DMA20_DriverIRQHandler
  941 00000110         DMA5_DMA21_DriverIRQHandler
  942 00000110         DMA6_DMA22_DriverIRQHandler
  943 00000110         DMA7_DMA23_DriverIRQHandler
  944 00000110         DMA8_DMA24_DriverIRQHandler
  945 00000110         DMA9_DMA25_DriverIRQHandler
  946 00000110         DMA10_DMA26_DriverIRQHandler
  947 00000110         DMA11_DMA27_DriverIRQHandler
  948 00000110         DMA12_DMA28_DriverIRQHandler
  949 00000110         DMA13_DMA29_DriverIRQHandler
  950 00000110         DMA14_DMA30_DriverIRQHandler
  951 00000110         DMA15_DMA31_DriverIRQHandler
  952 00000110         DMA_ERROR_DriverIRQHandler
  953 00000110         CTI0_ERROR_IRQHandler
  954 00000110         CTI1_ERROR_IRQHandler
  955 00000110         CORE_IRQHandler
  956 00000110         LPUART1_DriverIRQHandler
  957 00000110         LPUART2_DriverIRQHandler
  958 00000110         LPUART3_DriverIRQHandler
  959 00000110         LPUART4_DriverIRQHandler
  960 00000110         LPUART5_DriverIRQHandler
  961 00000110         LPUART6_DriverIRQHandler
  962 00000110         LPUART7_DriverIRQHandler
  963 00000110         LPUART8_DriverIRQHandler
  964 00000110         LPI2C1_DriverIRQHandler
  965 00000110         LPI2C2_DriverIRQHandler
  966 00000110         LPI2C3_DriverIRQHandler
  967 00000110         LPI2C4_DriverIRQHandler
  968 00000110         LPSPI1_DriverIRQHandler
  969 00000110         LPSPI2_DriverIRQHandler
  970 00000110         LPSPI3_DriverIRQHandler
  971 00000110         LPSPI4_DriverIRQHandler
  972 00000110         CAN1_DriverIRQHandler
  973 00000110         CAN2_DriverIRQHandler
  974 00000110         FLEXRAM_IRQHandler
  975 00000110         KPP_IRQHandler
  976 00000110         TSC_DIG_IRQHandler



ARM Macro Assembler    Page 26 


  977 00000110         GPR_IRQ_IRQHandler
  978 00000110         Reserved58_IRQHandler
  979 00000110         Reserved59_IRQHandler
  980 00000110         Reserved60_IRQHandler
  981 00000110         WDOG2_IRQHandler
  982 00000110         SNVS_HP_WRAPPER_IRQHandler
  983 00000110         SNVS_HP_WRAPPER_TZ_IRQHandler
  984 00000110         SNVS_LP_WRAPPER_IRQHandler
  985 00000110         CSU_IRQHandler
  986 00000110         DCP_IRQHandler
  987 00000110         DCP_VMI_IRQHandler
  988 00000110         Reserved68_IRQHandler
  989 00000110         TRNG_IRQHandler
  990 00000110         SJC_IRQHandler
  991 00000110         BEE_IRQHandler
  992 00000110         SAI1_DriverIRQHandler
  993 00000110         SAI2_DriverIRQHandler
  994 00000110         SAI3_RX_DriverIRQHandler
  995 00000110         SAI3_TX_DriverIRQHandler
  996 00000110         SPDIF_DriverIRQHandler
  997 00000110         PMU_EVENT_IRQHandler
  998 00000110         Reserved78_IRQHandler
  999 00000110         TEMP_LOW_HIGH_IRQHandler
 1000 00000110         TEMP_PANIC_IRQHandler
 1001 00000110         USB_PHY1_IRQHandler
 1002 00000110         USB_PHY2_IRQHandler
 1003 00000110         ADC1_IRQHandler
 1004 00000110         ADC2_IRQHandler
 1005 00000110         DCDC_IRQHandler
 1006 00000110         Reserved86_IRQHandler
 1007 00000110         Reserved87_IRQHandler
 1008 00000110         GPIO1_INT0_IRQHandler
 1009 00000110         GPIO1_INT1_IRQHandler
 1010 00000110         GPIO1_INT2_IRQHandler
 1011 00000110         GPIO1_INT3_IRQHandler
 1012 00000110         GPIO1_INT4_IRQHandler
 1013 00000110         GPIO1_INT5_IRQHandler
 1014 00000110         GPIO1_INT6_IRQHandler
 1015 00000110         GPIO1_INT7_IRQHandler
 1016 00000110         GPIO1_Combined_0_15_IRQHandler
 1017 00000110         GPIO1_Combined_16_31_IRQHandler
 1018 00000110         GPIO2_Combined_0_15_IRQHandler
 1019 00000110         GPIO2_Combined_16_31_IRQHandler
 1020 00000110         GPIO3_Combined_0_15_IRQHandler
 1021 00000110         GPIO3_Combined_16_31_IRQHandler
 1022 00000110         GPIO4_Combined_0_15_IRQHandler
 1023 00000110         GPIO4_Combined_16_31_IRQHandler
 1024 00000110         GPIO5_Combined_0_15_IRQHandler
 1025 00000110         GPIO5_Combined_16_31_IRQHandler
 1026 00000110         FLEXIO1_DriverIRQHandler
 1027 00000110         FLEXIO2_DriverIRQHandler
 1028 00000110         WDOG1_IRQHandler
 1029 00000110         RTWDOG_IRQHandler
 1030 00000110         EWM_IRQHandler
 1031 00000110         CCM_1_IRQHandler
 1032 00000110         CCM_2_IRQHandler
 1033 00000110         GPC_IRQHandler
 1034 00000110         SRC_IRQHandler
 1035 00000110         Reserved115_IRQHandler



ARM Macro Assembler    Page 27 


 1036 00000110         GPT1_IRQHandler
 1037 00000110         GPT2_IRQHandler
 1038 00000110         PWM1_0_IRQHandler
 1039 00000110         PWM1_1_IRQHandler
 1040 00000110         PWM1_2_IRQHandler
 1041 00000110         PWM1_3_IRQHandler
 1042 00000110         PWM1_FAULT_IRQHandler
 1043 00000110         FLEXSPI2_DriverIRQHandler
 1044 00000110         FLEXSPI_DriverIRQHandler
 1045 00000110         SEMC_IRQHandler
 1046 00000110         USDHC1_DriverIRQHandler
 1047 00000110         USDHC2_DriverIRQHandler
 1048 00000110         USB_OTG2_IRQHandler
 1049 00000110         USB_OTG1_IRQHandler
 1050 00000110         ENET_DriverIRQHandler
 1051 00000110         ENET_1588_Timer_DriverIRQHandler
 1052 00000110         XBAR1_IRQ_0_1_IRQHandler
 1053 00000110         XBAR1_IRQ_2_3_IRQHandler
 1054 00000110         ADC_ETC_IRQ0_IRQHandler
 1055 00000110         ADC_ETC_IRQ1_IRQHandler
 1056 00000110         ADC_ETC_IRQ2_IRQHandler
 1057 00000110         ADC_ETC_ERROR_IRQ_IRQHandler
 1058 00000110         PIT_IRQHandler
 1059 00000110         ACMP1_IRQHandler
 1060 00000110         ACMP2_IRQHandler
 1061 00000110         ACMP3_IRQHandler
 1062 00000110         ACMP4_IRQHandler
 1063 00000110         Reserved143_IRQHandler
 1064 00000110         Reserved144_IRQHandler
 1065 00000110         ENC1_IRQHandler
 1066 00000110         ENC2_IRQHandler
 1067 00000110         ENC3_IRQHandler
 1068 00000110         ENC4_IRQHandler
 1069 00000110         TMR1_IRQHandler
 1070 00000110         TMR2_IRQHandler
 1071 00000110         TMR3_IRQHandler
 1072 00000110         TMR4_IRQHandler
 1073 00000110         PWM2_0_IRQHandler
 1074 00000110         PWM2_1_IRQHandler
 1075 00000110         PWM2_2_IRQHandler
 1076 00000110         PWM2_3_IRQHandler
 1077 00000110         PWM2_FAULT_IRQHandler
 1078 00000110         PWM3_0_IRQHandler
 1079 00000110         PWM3_1_IRQHandler
 1080 00000110         PWM3_2_IRQHandler
 1081 00000110         PWM3_3_IRQHandler
 1082 00000110         PWM3_FAULT_IRQHandler
 1083 00000110         PWM4_0_IRQHandler
 1084 00000110         PWM4_1_IRQHandler
 1085 00000110         PWM4_2_IRQHandler
 1086 00000110         PWM4_3_IRQHandler
 1087 00000110         PWM4_FAULT_IRQHandler
 1088 00000110         ENET2_DriverIRQHandler
 1089 00000110         ENET2_1588_Timer_DriverIRQHandler
 1090 00000110         CAN3_DriverIRQHandler
 1091 00000110         Reserved171_IRQHandler
 1092 00000110         FLEXIO3_DriverIRQHandler
 1093 00000110         GPIO6_7_8_9_IRQHandler
 1094 00000110         DefaultISR



ARM Macro Assembler    Page 28 


 1095 00000110 483C            LDR              R0, =DefaultISR
 1096 00000112 4700            BX               R0
 1097 00000114                 ENDP
 1098 00000114                 ALIGN
 1099 00000114         
 1100 00000114         
 1101 00000114                 END
              400AC038 
              400AC040 
              00200007 
              400AC044 
              E000ED08 
              00000000 
              00000000 
              00000000 
              00000000 
              00000000 
              00000000 
              00000000 
              00000000 
              00000000 
              00000000 
              00000000 
              00000000 
              00000000 
              00000000 
              00000000 
              00000000 
              00000000 
              00000000 
              00000000 
              00000000 
              00000000 
              00000000 
              00000000 
              00000000 
              00000000 
              00000000 
              00000000 
              00000000 
              00000000 
              00000000 
              00000000 
              00000000 
              00000000 
              00000000 
              00000000 
              00000000 
              00000000 
              00000000 
              00000000 
              00000000 
              00000000 
              00000000 
              00000000 
              00000000 
              00000000 
              00000000 
              00000000 



ARM Macro Assembler    Page 29 


              00000000 
              00000000 
              00000000 
              00000000 
              00000000 
              00000000 
              00000000 
              00000000 
              00000000 
Command Line: --debug --diag_suppress=9931 --cpu=Cortex-M7.fp.dp --apcs=interwo
rk --depend=release\startup_mimxrt1061.d -orelease\startup_mimxrt1061.o -I.\RTE
\_U503_flexspi_nor_ram -ID:\Keil_v5\ARM\PACK\NXP\MIMXRT1061_DFP\12.1.0 -ID:\Kei
l_v5\ARM\CMSIS\Include --predefine="__MICROLIB SETA 1" --predefine="__UVISION_V
ERSION SETA 525" --predefine="CPU_MIMXRT1061CVL5A SETA 1" --predefine="__STARTU
P_INITIALIZE_NONCACHEDATA SETA 1" --list=.\output\startup_mimxrt1061.lst ..\hwd
rv\hw_src\MIMXRT1061\arm\startup_MIMXRT1061.s
